make[1]: Entering directory '/home/daniel/Desktop/Fuse'
mkdir -p mnt || true
./nufs -s -f mnt data.nufs
Initialize Storage: data.nufs
+ alloc_page() -> 1
root mode 16877 
access(/, 0004) -> 0
NO MATCHING FROM GIVEN PATH
getattr(/.xdg-volume-info) -> (-2) {mode: 0000, size: 0}
getattr(/) -> (0) {mode: 40755, size: 0}
getaddir(/) -> (-2)
NO MATCHING FROM GIVEN PATH
getattr(/autorun.inf) -> (-2) {mode: 0000, size: 0}
getattr(/) -> (0) {mode: 40755, size: 0}
getaddir(/) -> (-2)
getattr(/) -> (0) {mode: 40755, size: 0}
NO MATCHING FROM GIVEN PATH
getattr(/.Trash) -> (-2) {mode: 0000, size: 0}
getaddir(/) -> (-2)
NO MATCHING FROM GIVEN PATH
getattr(/.Trash-1000) -> (-2) {mode: 0000, size: 0}
getattr(/) -> (0) {mode: 40755, size: 0}
getaddir(/) -> (-2)
getattr(/) -> (0) {mode: 40755, size: 0}
getaddir(/) -> (-2)
getattr(/) -> (0) {mode: 40755, size: 0}
getaddir(/) -> (-2)
getattr(/) -> (0) {mode: 40755, size: 0}
getaddir(/) -> (-2)
getattr(/) -> (0) {mode: 40755, size: 0}
getaddir(/) -> (-2)
getattr(/) -> (0) {mode: 40755, size: 0}
getaddir(/) -> (-2)
getattr(/) -> (0) {mode: 40755, size: 0}
getaddir(/) -> (-2)
getattr(/) -> (0) {mode: 40755, size: 0}
getaddir(/) -> (-2)
getattr(/) -> (0) {mode: 40755, size: 0}
getaddir(/) -> (-2)
getattr(/) -> (0) {mode: 40755, size: 0}
getaddir(/) -> (-2)
getattr(/) -> (0) {mode: 40755, size: 0}
getaddir(/) -> (-2)
getattr(/) -> (0) {mode: 40755, size: 0}
getaddir(/) -> (-2)
getattr(/) -> (0) {mode: 40755, size: 0}
getaddir(/) -> (-2)
getattr(/) -> (0) {mode: 40755, size: 0}
getaddir(/) -> (-2)
getattr(/) -> (0) {mode: 40755, size: 0}
getaddir(/) -> (-2)
getattr(/) -> (0) {mode: 40755, size: 0}
getaddir(/) -> (-2)
getattr(/) -> (0) {mode: 40755, size: 0}
getaddir(/) -> (-2)
getattr(/) -> (0) {mode: 40755, size: 0}
getaddir(/) -> (-2)
getattr(/) -> (0) {mode: 40755, size: 0}
getaddir(/) -> (-2)
getattr(/) -> (0) {mode: 40755, size: 0}
getaddir(/) -> (-2)
NO MATCHING FROM GIVEN PATH
getattr(/autorun.inf) -> (-2) {mode: 0000, size: 0}
getattr(/) -> (0) {mode: 40755, size: 0}
NO MATCHING FROM GIVEN PATH
getattr(/one.txt) -> (-2) {mode: 0000, size: 0}
+ alloc_page() -> 2
mknod(/one.txt, 100664) -> 0
getattr(/one.txt) -> (0) {mode: 100664, size: 0}
open(/one.txt) -> 0
ioctl(/one.txt, 21505, ...) -> -1
GROWING INODE FROM 0 to 11
GROWING INODE START FROM PAGE 0 to PAGE 1
+ alloc_page() -> 3
FPN = 0
write(/one.txt, 11 bytes, @+0) -> 11
getattr(/one.txt) -> (0) {mode: 100664, size: 11}
open(/one.txt) -> 0
ioctl(/one.txt, 21505, ...) -> -1
FPN = 0
read(/one.txt, 4096 bytes, @+0) -> 4096
getattr(/one.txt) -> (0) {mode: 100664, size: 11}
NO MATCHING FROM GIVEN PATH
getattr(/two.txt) -> (-2) {mode: 0000, size: 0}
+ alloc_page() -> 4
mknod(/two.txt, 100664) -> 0
getattr(/two.txt) -> (0) {mode: 100664, size: 0}
open(/two.txt) -> 0
ioctl(/two.txt, 21505, ...) -> -1
GROWING INODE FROM 0 to 11
GROWING INODE START FROM PAGE 0 to PAGE 1
+ alloc_page() -> 5
FPN = 0
write(/two.txt, 11 bytes, @+0) -> 11
getattr(/two.txt) -> (0) {mode: 100664, size: 11}
getattr(/two.txt) -> (0) {mode: 100664, size: 11}
open(/two.txt) -> 0
ioctl(/two.txt, 21505, ...) -> -1
FPN = 0
read(/two.txt, 4096 bytes, @+0) -> 4096
getattr(/two.txt) -> (0) {mode: 100664, size: 11}
getattr(/) -> (0) {mode: 40755, size: 0}
getaddir(/) -> (0)
NO MATCHING FROM GIVEN PATH
getattr(/2k.txt) -> (-2) {mode: 0000, size: 0}
+ alloc_page() -> 6
mknod(/2k.txt, 100664) -> 0
getattr(/2k.txt) -> (0) {mode: 100664, size: 0}
open(/2k.txt) -> 0
ioctl(/2k.txt, 21505, ...) -> -1
GROWING INODE FROM 0 to 2001
GROWING INODE START FROM PAGE 0 to PAGE 1
+ alloc_page() -> 7
FPN = 0
write(/2k.txt, 2001 bytes, @+0) -> 2001
open(/2k.txt) -> 0
ioctl(/2k.txt, 21505, ...) -> -1
getattr(/2k.txt) -> (0) {mode: 100664, size: 2001}
FPN = 0
read(/2k.txt, 4096 bytes, @+0) -> 4096
getattr(/2k.txt) -> (0) {mode: 100664, size: 2001}
open(/2k.txt) -> 0
ioctl(/2k.txt, 21505, ...) -> -1
FPN = 0
make[1]: Entering directory '/home/daniel/Desktop/Fuse'
fusermount -u mnt || true
read(/2k.txt, 4096 bytes, @+0) -> 4096
make[1]: Leaving directory '/home/daniel/Desktop/Fuse'
make[1]: Leaving directory '/home/daniel/Desktop/Fuse'
make[1]: Entering directory '/home/daniel/Desktop/Fuse'
mkdir -p mnt || true
./nufs -s -f mnt data.nufs
Initialize Storage: data.nufs
+ alloc_page() -> 8
root mode 16877 
access(/, 0004) -> 0
NO MATCHING FROM GIVEN PATH
getattr(/.Trash) -> (-2) {mode: 0000, size: 0}
NO MATCHING FROM GIVEN PATH
getattr(/.Trash-1000) -> (-2) {mode: 0000, size: 0}
NO MATCHING FROM GIVEN PATH
getattr(/.xdg-volume-info) -> (-2) {mode: 0000, size: 0}
NO MATCHING FROM GIVEN PATH
getattr(/autorun.inf) -> (-2) {mode: 0000, size: 0}
getattr(/) -> (0) {mode: 40755, size: 0}
getaddir(/) -> (0)
getattr(/) -> (0) {mode: 40755, size: 0}
getaddir(/) -> (0)
getattr(/) -> (0) {mode: 40755, size: 0}
getaddir(/) -> (0)
getattr(/) -> (0) {mode: 40755, size: 0}
getaddir(/) -> (0)
getattr(/) -> (0) {mode: 40755, size: 0}
getaddir(/) -> (0)
getattr(/) -> (0) {mode: 40755, size: 0}
getaddir(/) -> (0)
getattr(/) -> (0) {mode: 40755, size: 0}
getaddir(/) -> (0)
getattr(/) -> (0) {mode: 40755, size: 0}
getaddir(/) -> (0)
getattr(/) -> (0) {mode: 40755, size: 0}
getaddir(/) -> (0)
getattr(/) -> (0) {mode: 40755, size: 0}
getaddir(/) -> (0)
getattr(/) -> (0) {mode: 40755, size: 0}
getaddir(/) -> (0)
getattr(/) -> (0) {mode: 40755, size: 0}
getaddir(/) -> (0)
getattr(/) -> (0) {mode: 40755, size: 0}
getaddir(/) -> (0)
getattr(/) -> (0) {mode: 40755, size: 0}
getaddir(/) -> (0)
getattr(/) -> (0) {mode: 40755, size: 0}
getaddir(/) -> (0)
getattr(/) -> (0) {mode: 40755, size: 0}
getaddir(/) -> (0)
getattr(/) -> (0) {mode: 40755, size: 0}
getaddir(/) -> (0)
getattr(/) -> (0) {mode: 40755, size: 0}
getaddir(/) -> (0)
getattr(/) -> (0) {mode: 40755, size: 0}
getaddir(/) -> (0)
getattr(/) -> (0) {mode: 40755, size: 0}
getaddir(/) -> (0)
getattr(/) -> (0) {mode: 40755, size: 0}
getaddir(/) -> (0)
getattr(/) -> (0) {mode: 40755, size: 0}
getaddir(/) -> (0)
getattr(/) -> (0) {mode: 40755, size: 0}
getaddir(/) -> (0)
NO MATCHING FROM GIVEN PATH
getattr(/autorun.inf) -> (-2) {mode: 0000, size: 0}
getattr(/) -> (0) {mode: 40755, size: 0}
getaddir(/) -> (0)
getattr(/one.txt) -> (0) {mode: 100664, size: 11}
open(/one.txt) -> 0
ioctl(/one.txt, 21505, ...) -> -1
FPN = 0
read(/one.txt, 4096 bytes, @+0) -> 4096
getattr(/one.txt) -> (0) {mode: 100664, size: 11}
getattr(/two.txt) -> (0) {mode: 100664, size: 11}
open(/two.txt) -> 0
ioctl(/two.txt, 21505, ...) -> -1
FPN = 0
read(/two.txt, 4096 bytes, @+0) -> 4096
getattr(/two.txt) -> (0) {mode: 100664, size: 11}
+ free_page(3)
unlink(/one.txt) -> 0
getattr(/) -> (0) {mode: 40755, size: 0}
getaddir(/) -> (0)
NO MATCHING FROM GIVEN PATH
getattr(/abc.txt) -> (-2) {mode: 0000, size: 0}
NO MATCHING FROM GIVEN PATH
getattr(/abc.txt) -> (-2) {mode: 0000, size: 0}
NO MATCHING FROM GIVEN PATH
getattr(/abc.txt) -> (-2) {mode: 0000, size: 0}
rename(/two.txt => /abc.txt) -> 0
getattr(/) -> (0) {mode: 40755, size: 0}
getaddir(/) -> (0)
open(/abc.txt) -> 0
ioctl(/abc.txt, 21505, ...) -> -1
getattr(/abc.txt) -> (0) {mode: 100664, size: 11}
FPN = 0
read(/abc.txt, 4096 bytes, @+0) -> 4096
getattr(/abc.txt) -> (0) {mode: 100664, size: 11}
NO MATCHING FROM GIVEN PATH
getattr(/def.txt) -> (-2) {mode: 0000, size: 0}
NO MATCHING FROM GIVEN PATH
getattr(/def.txt) -> (-2) {mode: 0000, size: 0}
link(/abc.txt => /def.txt) -> 0
getattr(/def.txt) -> (0) {mode: 100664, size: 11}
open(/def.txt) -> 0
ioctl(/def.txt, 21505, ...) -> -1
FPN = 0
read(/def.txt, 4096 bytes, @+0) -> 4096
getattr(/def.txt) -> (0) {mode: 100664, size: 11}
getattr(/abc.txt) -> (0) {mode: 100664, size: 11}
unlink(/abc.txt) -> 0
open(/def.txt) -> 0
ioctl(/def.txt, 21505, ...) -> -1
FPN = 0
read(/def.txt, 4096 bytes, @+0) -> 4096
getattr(/def.txt) -> (0) {mode: 100664, size: 11}
NO MATCHING FROM GIVEN PATH
getattr(/foo) -> (-2) {mode: 0000, size: 0}
+ alloc_page() -> 9
mkdir(/foo, 0775) -> 0
getattr(/foo) -> (0) {mode: 40775, size: 0}
NO MATCHING FROM GIVEN PATH
getattr(/foo/abc.txt) -> (-2) {mode: 0000, size: 0}
NO MATCHING FROM GIVEN PATH
getattr(/foo/abc.txt) -> (-2) {mode: 0000, size: 0}
open(/def.txt) -> 0
NO MATCHING FROM GIVEN PATH
getattr(/foo/abc.txt) -> (-2) {mode: 0000, size: 0}
+ alloc_page() -> 10
mknod(/foo/abc.txt, 100664) -> 0
getattr(/foo/abc.txt) -> (0) {mode: 100664, size: 0}
open(/foo/abc.txt) -> 0
FPN = 0
read(/def.txt, 4096 bytes, @+0) -> 4096
GROWING INODE FROM 0 to 11
GROWING INODE START FROM PAGE 0 to PAGE 1
+ alloc_page() -> 11
FPN = 0
write(/foo/abc.txt, 11 bytes, @+0) -> 11
getattr(/def.txt) -> (0) {mode: 100664, size: 11}
open(/foo/abc.txt) -> 0
ioctl(/foo/abc.txt, 21505, ...) -> -1
getattr(/foo/abc.txt) -> (0) {mode: 100664, size: 11}
FPN = 0
read(/foo/abc.txt, 4096 bytes, @+0) -> 4096
getattr(/foo/abc.txt) -> (0) {mode: 100664, size: 11}
NO MATCHING FROM GIVEN PATH
getattr(/40k.txt) -> (-2) {mode: 0000, size: 0}
+ alloc_page() -> 12
mknod(/40k.txt, 100664) -> 0
getattr(/40k.txt) -> (0) {mode: 100664, size: 0}
open(/40k.txt) -> 0
ioctl(/40k.txt, 21505, ...) -> -1
GROWING INODE FROM 0 to 4096
GROWING INODE START FROM PAGE 0 to PAGE 1
+ alloc_page() -> 13
FPN = 0
write(/40k.txt, 4096 bytes, @+0) -> 4096
GROWING INODE FROM 4096 to 8192
GROWING INODE START FROM PAGE 1 to PAGE 2
+ alloc_page() -> 14
FPN = 1
write(/40k.txt, 4096 bytes, @+4096) -> 4096
GROWING INODE FROM 8192 to 12288
GROWING INODE START FROM PAGE 2 to PAGE 3
+ alloc_page() -> 15
+ alloc_page() -> 16
FPN = 2
write(/40k.txt, 4096 bytes, @+8192) -> 4096
GROWING INODE FROM 12288 to 16384
GROWING INODE START FROM PAGE 3 to PAGE 4
+ alloc_page() -> 17
FPN = 3
write(/40k.txt, 4096 bytes, @+12288) -> 4096
GROWING INODE FROM 16384 to 20480
GROWING INODE START FROM PAGE 4 to PAGE 5
+ alloc_page() -> 18
FPN = 4
write(/40k.txt, 4096 bytes, @+16384) -> 4096
GROWING INODE FROM 20480 to 24576
GROWING INODE START FROM PAGE 5 to PAGE 6
+ alloc_page() -> 19
FPN = 5
write(/40k.txt, 4096 bytes, @+20480) -> 4096
GROWING INODE FROM 24576 to 28672
GROWING INODE START FROM PAGE 6 to PAGE 7
+ alloc_page() -> 20
FPN = 6
write(/40k.txt, 4096 bytes, @+24576) -> 4096
GROWING INODE FROM 28672 to 32768
GROWING INODE START FROM PAGE 7 to PAGE 8
+ alloc_page() -> 21
FPN = 7
write(/40k.txt, 4096 bytes, @+28672) -> 4096
GROWING INODE FROM 32768 to 36864
GROWING INODE START FROM PAGE 8 to PAGE 9
+ alloc_page() -> 22
FPN = 8
write(/40k.txt, 4096 bytes, @+32768) -> 4096
GROWING INODE FROM 36864 to 40001
GROWING INODE START FROM PAGE 9 to PAGE 10
+ alloc_page() -> 23
FPN = 9
write(/40k.txt, 3137 bytes, @+36864) -> 3137
open(/40k.txt) -> 0
ioctl(/40k.txt, 21505, ...) -> -1
getattr(/40k.txt) -> (0) {mode: 100664, size: 40001}
FPN = 0
FPN = 1
FPN = 2
FPN = 3
read(/40k.txt, 16384 bytes, @+0) -> 16384
FPN = 4
FPN = 5
FPN = 6
FPN = 7
FPN = 8
FPN = 9
read(/40k.txt, 24576 bytes, @+16384) -> 24576
getattr(/40k.txt) -> (0) {mode: 100664, size: 40001}
open(/40k.txt) -> 0
ioctl(/40k.txt, 21505, ...) -> -1
FPN = 1
FPN = 2
FPN = 3
read(/40k.txt, 12288 bytes, @+4096) -> 12288
access(/, 0001) -> 0
NO MATCHING FROM GIVEN PATH
getattr(/dir1) -> (-2) {mode: 0000, size: 0}
+ alloc_page() -> 24
mkdir(/dir1, 0775) -> 0
getattr(/dir1) -> (0) {mode: 40775, size: 0}
access(/dir1, 0001) -> 0
NO MATCHING FROM GIVEN PATH
getattr(/dir1/dir2) -> (-2) {mode: 0000, size: 0}
+ alloc_page() -> 25
mkdir(/dir1/dir2, 0775) -> 0
getattr(/dir1/dir2) -> (0) {mode: 40775, size: 0}
access(/dir1/dir2, 0001) -> 0
NO MATCHING FROM GIVEN PATH
getattr(/dir1/dir2/dir3) -> (-2) {mode: 0000, size: 0}
+ alloc_page() -> 26
mkdir(/dir1/dir2/dir3, 0775) -> 0
getattr(/dir1/dir2/dir3) -> (0) {mode: 40775, size: 0}
access(/dir1/dir2/dir3, 0001) -> 0
NO MATCHING FROM GIVEN PATH
getattr(/dir1/dir2/dir3/dir4) -> (-2) {mode: 0000, size: 0}
+ alloc_page() -> 27
mkdir(/dir1/dir2/dir3/dir4, 0775) -> 0
getattr(/dir1/dir2/dir3/dir4) -> (0) {mode: 40775, size: 0}
access(/dir1/dir2/dir3/dir4, 0001) -> 0
NO MATCHING FROM GIVEN PATH
getattr(/dir1/dir2/dir3/dir4/dir5) -> (-2) {mode: 0000, size: 0}
+ alloc_page() -> 28
mkdir(/dir1/dir2/dir3/dir4/dir5, 0775) -> 0
getattr(/dir1/dir2/dir3/dir4/dir5) -> (0) {mode: 40775, size: 0}
NO MATCHING FROM GIVEN PATH
getattr(/dir1/dir2/dir3/dir4/dir5/hello.txt) -> (-2) {mode: 0000, size: 0}
+ alloc_page() -> 29
mknod(/dir1/dir2/dir3/dir4/dir5/hello.txt, 100664) -> 0
getattr(/dir1/dir2/dir3/dir4/dir5/hello.txt) -> (0) {mode: 100664, size: 0}
open(/dir1/dir2/dir3/dir4/dir5/hello.txt) -> 0
ioctl(/dir1/dir2/dir3/dir4/dir5/hello.txt, 21505, ...) -> -1
GROWING INODE FROM 0 to 12
GROWING INODE START FROM PAGE 0 to PAGE 1
+ alloc_page() -> 30
FPN = 0
write(/dir1/dir2/dir3/dir4/dir5/hello.txt, 12 bytes, @+0) -> 12
open(/dir1/dir2/dir3/dir4/dir5/hello.txt) -> 0
ioctl(/dir1/dir2/dir3/dir4/dir5/hello.txt, 21505, ...) -> -1
getattr(/dir1/dir2/dir3/dir4/dir5/hello.txt) -> (0) {mode: 100664, size: 12}
FPN = 0
read(/dir1/dir2/dir3/dir4/dir5/hello.txt, 4096 bytes, @+0) -> 4096
getattr(/dir1/dir2/dir3/dir4/dir5/hello.txt) -> (0) {mode: 100664, size: 12}
NO MATCHING FROM GIVEN PATH
getattr(/numbers) -> (-2) {mode: 0000, size: 0}
+ alloc_page() -> 31
mkdir(/numbers, 0775) -> 0
getattr(/numbers) -> (0) {mode: 40775, size: 0}
NO MATCHING FROM GIVEN PATH
getattr(/numbers/1.num) -> (-2) {mode: 0000, size: 0}
+ alloc_page() -> 32
mknod(/numbers/1.num, 100664) -> 0
getattr(/numbers/1.num) -> (0) {mode: 100664, size: 0}
open(/numbers/1.num) -> 0
ioctl(/numbers/1.num, 21505, ...) -> -1
GROWING INODE FROM 0 to 2
GROWING INODE START FROM PAGE 0 to PAGE 1
+ alloc_page() -> 33
FPN = 0
write(/numbers/1.num, 2 bytes, @+0) -> 2
NO MATCHING FROM GIVEN PATH
getattr(/numbers/2.num) -> (-2) {mode: 0000, size: 0}
+ alloc_page() -> 34
mknod(/numbers/2.num, 100664) -> 0
getattr(/numbers/2.num) -> (0) {mode: 100664, size: 0}
open(/numbers/2.num) -> 0
ioctl(/numbers/2.num, 21505, ...) -> -1
GROWING INODE FROM 0 to 2
GROWING INODE START FROM PAGE 0 to PAGE 1
+ alloc_page() -> 35
FPN = 0
write(/numbers/2.num, 2 bytes, @+0) -> 2
NO MATCHING FROM GIVEN PATH
getattr(/numbers/3.num) -> (-2) {mode: 0000, size: 0}
+ alloc_page() -> 36
mknod(/numbers/3.num, 100664) -> 0
getattr(/numbers/3.num) -> (0) {mode: 100664, size: 0}
open(/numbers/3.num) -> 0
ioctl(/numbers/3.num, 21505, ...) -> -1
GROWING INODE FROM 0 to 2
GROWING INODE START FROM PAGE 0 to PAGE 1
+ alloc_page() -> 37
FPN = 0
write(/numbers/3.num, 2 bytes, @+0) -> 2
NO MATCHING FROM GIVEN PATH
getattr(/numbers/4.num) -> (-2) {mode: 0000, size: 0}
+ alloc_page() -> 38
mknod(/numbers/4.num, 100664) -> 0
getattr(/numbers/4.num) -> (0) {mode: 100664, size: 0}
open(/numbers/4.num) -> 0
ioctl(/numbers/4.num, 21505, ...) -> -1
GROWING INODE FROM 0 to 2
GROWING INODE START FROM PAGE 0 to PAGE 1
+ alloc_page() -> 39
FPN = 0
write(/numbers/4.num, 2 bytes, @+0) -> 2
NO MATCHING FROM GIVEN PATH
getattr(/numbers/5.num) -> (-2) {mode: 0000, size: 0}
+ alloc_page() -> 40
mknod(/numbers/5.num, 100664) -> 0
getattr(/numbers/5.num) -> (0) {mode: 100664, size: 0}
open(/numbers/5.num) -> 0
ioctl(/numbers/5.num, 21505, ...) -> -1
GROWING INODE FROM 0 to 2
GROWING INODE START FROM PAGE 0 to PAGE 1
+ alloc_page() -> 41
FPN = 0
write(/numbers/5.num, 2 bytes, @+0) -> 2
NO MATCHING FROM GIVEN PATH
getattr(/numbers/6.num) -> (-2) {mode: 0000, size: 0}
+ alloc_page() -> 42
mknod(/numbers/6.num, 100664) -> 0
getattr(/numbers/6.num) -> (0) {mode: 100664, size: 0}
open(/numbers/6.num) -> 0
ioctl(/numbers/6.num, 21505, ...) -> -1
GROWING INODE FROM 0 to 2
GROWING INODE START FROM PAGE 0 to PAGE 1
+ alloc_page() -> 43
FPN = 0
write(/numbers/6.num, 2 bytes, @+0) -> 2
NO MATCHING FROM GIVEN PATH
getattr(/numbers/7.num) -> (-2) {mode: 0000, size: 0}
+ alloc_page() -> 44
mknod(/numbers/7.num, 100664) -> 0
getattr(/numbers/7.num) -> (0) {mode: 100664, size: 0}
open(/numbers/7.num) -> 0
ioctl(/numbers/7.num, 21505, ...) -> -1
GROWING INODE FROM 0 to 2
GROWING INODE START FROM PAGE 0 to PAGE 1
+ alloc_page() -> 45
FPN = 0
write(/numbers/7.num, 2 bytes, @+0) -> 2
NO MATCHING FROM GIVEN PATH
getattr(/numbers/8.num) -> (-2) {mode: 0000, size: 0}
+ alloc_page() -> 46
mknod(/numbers/8.num, 100664) -> 0
getattr(/numbers/8.num) -> (0) {mode: 100664, size: 0}
open(/numbers/8.num) -> 0
ioctl(/numbers/8.num, 21505, ...) -> -1
GROWING INODE FROM 0 to 2
GROWING INODE START FROM PAGE 0 to PAGE 1
+ alloc_page() -> 47
FPN = 0
write(/numbers/8.num, 2 bytes, @+0) -> 2
NO MATCHING FROM GIVEN PATH
getattr(/numbers/9.num) -> (-2) {mode: 0000, size: 0}
+ alloc_page() -> 48
mknod(/numbers/9.num, 100664) -> 0
getattr(/numbers/9.num) -> (0) {mode: 100664, size: 0}
open(/numbers/9.num) -> 0
ioctl(/numbers/9.num, 21505, ...) -> -1
GROWING INODE FROM 0 to 2
GROWING INODE START FROM PAGE 0 to PAGE 1
+ alloc_page() -> 49
FPN = 0
write(/numbers/9.num, 2 bytes, @+0) -> 2
NO MATCHING FROM GIVEN PATH
getattr(/numbers/10.num) -> (-2) {mode: 0000, size: 0}
+ alloc_page() -> 50
mknod(/numbers/10.num, 100664) -> 0
getattr(/numbers/10.num) -> (0) {mode: 100664, size: 0}
open(/numbers/10.num) -> 0
ioctl(/numbers/10.num, 21505, ...) -> -1
GROWING INODE FROM 0 to 3
GROWING INODE START FROM PAGE 0 to PAGE 1
+ alloc_page() -> 51
FPN = 0
write(/numbers/10.num, 3 bytes, @+0) -> 3
NO MATCHING FROM GIVEN PATH
getattr(/numbers/11.num) -> (-2) {mode: 0000, size: 0}
+ alloc_page() -> 52
mknod(/numbers/11.num, 100664) -> 0
getattr(/numbers/11.num) -> (0) {mode: 100664, size: 0}
open(/numbers/11.num) -> 0
ioctl(/numbers/11.num, 21505, ...) -> -1
GROWING INODE FROM 0 to 3
GROWING INODE START FROM PAGE 0 to PAGE 1
+ alloc_page() -> 53
FPN = 0
write(/numbers/11.num, 3 bytes, @+0) -> 3
NO MATCHING FROM GIVEN PATH
getattr(/numbers/12.num) -> (-2) {mode: 0000, size: 0}
+ alloc_page() -> 54
mknod(/numbers/12.num, 100664) -> 0
getattr(/numbers/12.num) -> (0) {mode: 100664, size: 0}
open(/numbers/12.num) -> 0
ioctl(/numbers/12.num, 21505, ...) -> -1
GROWING INODE FROM 0 to 3
GROWING INODE START FROM PAGE 0 to PAGE 1
+ alloc_page() -> 55
FPN = 0
write(/numbers/12.num, 3 bytes, @+0) -> 3
NO MATCHING FROM GIVEN PATH
getattr(/numbers/13.num) -> (-2) {mode: 0000, size: 0}
+ alloc_page() -> 56
mknod(/numbers/13.num, 100664) -> 0
getattr(/numbers/13.num) -> (0) {mode: 100664, size: 0}
open(/numbers/13.num) -> 0
ioctl(/numbers/13.num, 21505, ...) -> -1
GROWING INODE FROM 0 to 3
GROWING INODE START FROM PAGE 0 to PAGE 1
+ alloc_page() -> 57
FPN = 0
write(/numbers/13.num, 3 bytes, @+0) -> 3
NO MATCHING FROM GIVEN PATH
getattr(/numbers/14.num) -> (-2) {mode: 0000, size: 0}
+ alloc_page() -> 58
mknod(/numbers/14.num, 100664) -> 0
getattr(/numbers/14.num) -> (0) {mode: 100664, size: 0}
open(/numbers/14.num) -> 0
ioctl(/numbers/14.num, 21505, ...) -> -1
GROWING INODE FROM 0 to 3
GROWING INODE START FROM PAGE 0 to PAGE 1
+ alloc_page() -> 59
FPN = 0
write(/numbers/14.num, 3 bytes, @+0) -> 3
NO MATCHING FROM GIVEN PATH
getattr(/numbers/15.num) -> (-2) {mode: 0000, size: 0}
+ alloc_page() -> 60
mknod(/numbers/15.num, 100664) -> 0
getattr(/numbers/15.num) -> (0) {mode: 100664, size: 0}
open(/numbers/15.num) -> 0
ioctl(/numbers/15.num, 21505, ...) -> -1
GROWING INODE FROM 0 to 3
GROWING INODE START FROM PAGE 0 to PAGE 1
+ alloc_page() -> 61
FPN = 0
write(/numbers/15.num, 3 bytes, @+0) -> 3
NO MATCHING FROM GIVEN PATH
getattr(/numbers/16.num) -> (-2) {mode: 0000, size: 0}
+ alloc_page() -> 62
mknod(/numbers/16.num, 100664) -> 0
getattr(/numbers/16.num) -> (0) {mode: 100664, size: 0}
open(/numbers/16.num) -> 0
ioctl(/numbers/16.num, 21505, ...) -> -1
GROWING INODE FROM 0 to 3
GROWING INODE START FROM PAGE 0 to PAGE 1
+ alloc_page() -> 63
FPN = 0
write(/numbers/16.num, 3 bytes, @+0) -> 3
NO MATCHING FROM GIVEN PATH
getattr(/numbers/17.num) -> (-2) {mode: 0000, size: 0}
+ alloc_page() -> 64
mknod(/numbers/17.num, 100664) -> 0
getattr(/numbers/17.num) -> (0) {mode: 100664, size: 0}
open(/numbers/17.num) -> 0
ioctl(/numbers/17.num, 21505, ...) -> -1
GROWING INODE FROM 0 to 3
GROWING INODE START FROM PAGE 0 to PAGE 1
+ alloc_page() -> 65
FPN = 0
write(/numbers/17.num, 3 bytes, @+0) -> 3
NO MATCHING FROM GIVEN PATH
getattr(/numbers/18.num) -> (-2) {mode: 0000, size: 0}
+ alloc_page() -> 66
mknod(/numbers/18.num, 100664) -> 0
getattr(/numbers/18.num) -> (0) {mode: 100664, size: 0}
open(/numbers/18.num) -> 0
ioctl(/numbers/18.num, 21505, ...) -> -1
GROWING INODE FROM 0 to 3
GROWING INODE START FROM PAGE 0 to PAGE 1
+ alloc_page() -> 67
FPN = 0
write(/numbers/18.num, 3 bytes, @+0) -> 3
NO MATCHING FROM GIVEN PATH
getattr(/numbers/19.num) -> (-2) {mode: 0000, size: 0}
+ alloc_page() -> 68
mknod(/numbers/19.num, 100664) -> 0
getattr(/numbers/19.num) -> (0) {mode: 100664, size: 0}
open(/numbers/19.num) -> 0
ioctl(/numbers/19.num, 21505, ...) -> -1
GROWING INODE FROM 0 to 3
GROWING INODE START FROM PAGE 0 to PAGE 1
+ alloc_page() -> 69
FPN = 0
write(/numbers/19.num, 3 bytes, @+0) -> 3
NO MATCHING FROM GIVEN PATH
getattr(/numbers/20.num) -> (-2) {mode: 0000, size: 0}
+ alloc_page() -> 70
mknod(/numbers/20.num, 100664) -> 0
getattr(/numbers/20.num) -> (0) {mode: 100664, size: 0}
open(/numbers/20.num) -> 0
ioctl(/numbers/20.num, 21505, ...) -> -1
GROWING INODE FROM 0 to 3
GROWING INODE START FROM PAGE 0 to PAGE 1
+ alloc_page() -> 71
FPN = 0
write(/numbers/20.num, 3 bytes, @+0) -> 3
NO MATCHING FROM GIVEN PATH
getattr(/numbers/21.num) -> (-2) {mode: 0000, size: 0}
+ alloc_page() -> 72
mknod(/numbers/21.num, 100664) -> 0
getattr(/numbers/21.num) -> (0) {mode: 100664, size: 0}
open(/numbers/21.num) -> 0
ioctl(/numbers/21.num, 21505, ...) -> -1
GROWING INODE FROM 0 to 3
GROWING INODE START FROM PAGE 0 to PAGE 1
+ alloc_page() -> 73
FPN = 0
write(/numbers/21.num, 3 bytes, @+0) -> 3
NO MATCHING FROM GIVEN PATH
getattr(/numbers/22.num) -> (-2) {mode: 0000, size: 0}
+ alloc_page() -> 74
mknod(/numbers/22.num, 100664) -> 0
getattr(/numbers/22.num) -> (0) {mode: 100664, size: 0}
open(/numbers/22.num) -> 0
ioctl(/numbers/22.num, 21505, ...) -> -1
GROWING INODE FROM 0 to 3
GROWING INODE START FROM PAGE 0 to PAGE 1
+ alloc_page() -> 75
FPN = 0
write(/numbers/22.num, 3 bytes, @+0) -> 3
NO MATCHING FROM GIVEN PATH
getattr(/numbers/23.num) -> (-2) {mode: 0000, size: 0}
+ alloc_page() -> 76
mknod(/numbers/23.num, 100664) -> 0
getattr(/numbers/23.num) -> (0) {mode: 100664, size: 0}
open(/numbers/23.num) -> 0
ioctl(/numbers/23.num, 21505, ...) -> -1
GROWING INODE FROM 0 to 3
GROWING INODE START FROM PAGE 0 to PAGE 1
+ alloc_page() -> 77
FPN = 0
write(/numbers/23.num, 3 bytes, @+0) -> 3
NO MATCHING FROM GIVEN PATH
getattr(/numbers/24.num) -> (-2) {mode: 0000, size: 0}
+ alloc_page() -> 78
mknod(/numbers/24.num, 100664) -> 0
getattr(/numbers/24.num) -> (0) {mode: 100664, size: 0}
open(/numbers/24.num) -> 0
ioctl(/numbers/24.num, 21505, ...) -> -1
GROWING INODE FROM 0 to 3
GROWING INODE START FROM PAGE 0 to PAGE 1
+ alloc_page() -> 79
FPN = 0
write(/numbers/24.num, 3 bytes, @+0) -> 3
NO MATCHING FROM GIVEN PATH
getattr(/numbers/25.num) -> (-2) {mode: 0000, size: 0}
+ alloc_page() -> 80
mknod(/numbers/25.num, 100664) -> 0
getattr(/numbers/25.num) -> (0) {mode: 100664, size: 0}
open(/numbers/25.num) -> 0
ioctl(/numbers/25.num, 21505, ...) -> -1
GROWING INODE FROM 0 to 3
GROWING INODE START FROM PAGE 0 to PAGE 1
+ alloc_page() -> 81
FPN = 0
write(/numbers/25.num, 3 bytes, @+0) -> 3
NO MATCHING FROM GIVEN PATH
getattr(/numbers/26.num) -> (-2) {mode: 0000, size: 0}
+ alloc_page() -> 82
mknod(/numbers/26.num, 100664) -> 0
getattr(/numbers/26.num) -> (0) {mode: 100664, size: 0}
open(/numbers/26.num) -> 0
ioctl(/numbers/26.num, 21505, ...) -> -1
GROWING INODE FROM 0 to 3
GROWING INODE START FROM PAGE 0 to PAGE 1
+ alloc_page() -> 83
FPN = 0
write(/numbers/26.num, 3 bytes, @+0) -> 3
NO MATCHING FROM GIVEN PATH
getattr(/numbers/27.num) -> (-2) {mode: 0000, size: 0}
+ alloc_page() -> 84
mknod(/numbers/27.num, 100664) -> 0
getattr(/numbers/27.num) -> (0) {mode: 100664, size: 0}
open(/numbers/27.num) -> 0
ioctl(/numbers/27.num, 21505, ...) -> -1
GROWING INODE FROM 0 to 3
GROWING INODE START FROM PAGE 0 to PAGE 1
+ alloc_page() -> 85
FPN = 0
write(/numbers/27.num, 3 bytes, @+0) -> 3
NO MATCHING FROM GIVEN PATH
getattr(/numbers/28.num) -> (-2) {mode: 0000, size: 0}
+ alloc_page() -> 86
mknod(/numbers/28.num, 100664) -> 0
getattr(/numbers/28.num) -> (0) {mode: 100664, size: 0}
open(/numbers/28.num) -> 0
ioctl(/numbers/28.num, 21505, ...) -> -1
GROWING INODE FROM 0 to 3
GROWING INODE START FROM PAGE 0 to PAGE 1
+ alloc_page() -> 87
FPN = 0
write(/numbers/28.num, 3 bytes, @+0) -> 3
NO MATCHING FROM GIVEN PATH
getattr(/numbers/29.num) -> (-2) {mode: 0000, size: 0}
+ alloc_page() -> 88
mknod(/numbers/29.num, 100664) -> 0
getattr(/numbers/29.num) -> (0) {mode: 100664, size: 0}
open(/numbers/29.num) -> 0
ioctl(/numbers/29.num, 21505, ...) -> -1
GROWING INODE FROM 0 to 3
GROWING INODE START FROM PAGE 0 to PAGE 1
+ alloc_page() -> 89
FPN = 0
write(/numbers/29.num, 3 bytes, @+0) -> 3
NO MATCHING FROM GIVEN PATH
getattr(/numbers/30.num) -> (-2) {mode: 0000, size: 0}
+ alloc_page() -> 90
mknod(/numbers/30.num, 100664) -> 0
getattr(/numbers/30.num) -> (0) {mode: 100664, size: 0}
open(/numbers/30.num) -> 0
ioctl(/numbers/30.num, 21505, ...) -> -1
GROWING INODE FROM 0 to 3
GROWING INODE START FROM PAGE 0 to PAGE 1
+ alloc_page() -> 91
FPN = 0
write(/numbers/30.num, 3 bytes, @+0) -> 3
NO MATCHING FROM GIVEN PATH
getattr(/numbers/31.num) -> (-2) {mode: 0000, size: 0}
+ alloc_page() -> 92
mknod(/numbers/31.num, 100664) -> 0
getattr(/numbers/31.num) -> (0) {mode: 100664, size: 0}
open(/numbers/31.num) -> 0
ioctl(/numbers/31.num, 21505, ...) -> -1
GROWING INODE FROM 0 to 3
GROWING INODE START FROM PAGE 0 to PAGE 1
+ alloc_page() -> 93
FPN = 0
write(/numbers/31.num, 3 bytes, @+0) -> 3
NO MATCHING FROM GIVEN PATH
getattr(/numbers/32.num) -> (-2) {mode: 0000, size: 0}
+ alloc_page() -> 94
mknod(/numbers/32.num, 100664) -> 0
getattr(/numbers/32.num) -> (0) {mode: 100664, size: 0}
open(/numbers/32.num) -> 0
ioctl(/numbers/32.num, 21505, ...) -> -1
GROWING INODE FROM 0 to 3
GROWING INODE START FROM PAGE 0 to PAGE 1
+ alloc_page() -> 95
FPN = 0
write(/numbers/32.num, 3 bytes, @+0) -> 3
NO MATCHING FROM GIVEN PATH
getattr(/numbers/33.num) -> (-2) {mode: 0000, size: 0}
+ alloc_page() -> 96
mknod(/numbers/33.num, 100664) -> 0
getattr(/numbers/33.num) -> (0) {mode: 100664, size: 0}
open(/numbers/33.num) -> 0
ioctl(/numbers/33.num, 21505, ...) -> -1
GROWING INODE FROM 0 to 3
GROWING INODE START FROM PAGE 0 to PAGE 1
+ alloc_page() -> 97
FPN = 0
write(/numbers/33.num, 3 bytes, @+0) -> 3
NO MATCHING FROM GIVEN PATH
getattr(/numbers/34.num) -> (-2) {mode: 0000, size: 0}
+ alloc_page() -> 98
mknod(/numbers/34.num, 100664) -> 0
getattr(/numbers/34.num) -> (0) {mode: 100664, size: 0}
open(/numbers/34.num) -> 0
ioctl(/numbers/34.num, 21505, ...) -> -1
GROWING INODE FROM 0 to 3
GROWING INODE START FROM PAGE 0 to PAGE 1
+ alloc_page() -> 99
FPN = 0
write(/numbers/34.num, 3 bytes, @+0) -> 3
NO MATCHING FROM GIVEN PATH
getattr(/numbers/35.num) -> (-2) {mode: 0000, size: 0}
+ alloc_page() -> 100
mknod(/numbers/35.num, 100664) -> 0
getattr(/numbers/35.num) -> (0) {mode: 100664, size: 0}
open(/numbers/35.num) -> 0
ioctl(/numbers/35.num, 21505, ...) -> -1
GROWING INODE FROM 0 to 3
GROWING INODE START FROM PAGE 0 to PAGE 1
+ alloc_page() -> 101
FPN = 0
write(/numbers/35.num, 3 bytes, @+0) -> 3
NO MATCHING FROM GIVEN PATH
getattr(/numbers/36.num) -> (-2) {mode: 0000, size: 0}
+ alloc_page() -> 102
mknod(/numbers/36.num, 100664) -> 0
getattr(/numbers/36.num) -> (0) {mode: 100664, size: 0}
open(/numbers/36.num) -> 0
ioctl(/numbers/36.num, 21505, ...) -> -1
GROWING INODE FROM 0 to 3
GROWING INODE START FROM PAGE 0 to PAGE 1
+ alloc_page() -> 103
FPN = 0
write(/numbers/36.num, 3 bytes, @+0) -> 3
NO MATCHING FROM GIVEN PATH
getattr(/numbers/37.num) -> (-2) {mode: 0000, size: 0}
+ alloc_page() -> 104
mknod(/numbers/37.num, 100664) -> 0
getattr(/numbers/37.num) -> (0) {mode: 100664, size: 0}
open(/numbers/37.num) -> 0
ioctl(/numbers/37.num, 21505, ...) -> -1
GROWING INODE FROM 0 to 3
GROWING INODE START FROM PAGE 0 to PAGE 1
+ alloc_page() -> 105
FPN = 0
write(/numbers/37.num, 3 bytes, @+0) -> 3
NO MATCHING FROM GIVEN PATH
getattr(/numbers/38.num) -> (-2) {mode: 0000, size: 0}
+ alloc_page() -> 106
mknod(/numbers/38.num, 100664) -> 0
getattr(/numbers/38.num) -> (0) {mode: 100664, size: 0}
open(/numbers/38.num) -> 0
ioctl(/numbers/38.num, 21505, ...) -> -1
GROWING INODE FROM 0 to 3
GROWING INODE START FROM PAGE 0 to PAGE 1
+ alloc_page() -> 107
FPN = 0
write(/numbers/38.num, 3 bytes, @+0) -> 3
NO MATCHING FROM GIVEN PATH
getattr(/numbers/39.num) -> (-2) {mode: 0000, size: 0}
+ alloc_page() -> 108
mknod(/numbers/39.num, 100664) -> 0
getattr(/numbers/39.num) -> (0) {mode: 100664, size: 0}
open(/numbers/39.num) -> 0
ioctl(/numbers/39.num, 21505, ...) -> -1
GROWING INODE FROM 0 to 3
GROWING INODE START FROM PAGE 0 to PAGE 1
+ alloc_page() -> 109
FPN = 0
write(/numbers/39.num, 3 bytes, @+0) -> 3
NO MATCHING FROM GIVEN PATH
getattr(/numbers/40.num) -> (-2) {mode: 0000, size: 0}
+ alloc_page() -> 110
mknod(/numbers/40.num, 100664) -> 0
getattr(/numbers/40.num) -> (0) {mode: 100664, size: 0}
open(/numbers/40.num) -> 0
ioctl(/numbers/40.num, 21505, ...) -> -1
GROWING INODE FROM 0 to 3
GROWING INODE START FROM PAGE 0 to PAGE 1
+ alloc_page() -> 111
FPN = 0
write(/numbers/40.num, 3 bytes, @+0) -> 3
NO MATCHING FROM GIVEN PATH
getattr(/numbers/41.num) -> (-2) {mode: 0000, size: 0}
+ alloc_page() -> 112
mknod(/numbers/41.num, 100664) -> 0
getattr(/numbers/41.num) -> (0) {mode: 100664, size: 0}
open(/numbers/41.num) -> 0
ioctl(/numbers/41.num, 21505, ...) -> -1
GROWING INODE FROM 0 to 3
GROWING INODE START FROM PAGE 0 to PAGE 1
+ alloc_page() -> 113
FPN = 0
write(/numbers/41.num, 3 bytes, @+0) -> 3
NO MATCHING FROM GIVEN PATH
getattr(/numbers/42.num) -> (-2) {mode: 0000, size: 0}
+ alloc_page() -> 114
mknod(/numbers/42.num, 100664) -> 0
getattr(/numbers/42.num) -> (0) {mode: 100664, size: 0}
open(/numbers/42.num) -> 0
ioctl(/numbers/42.num, 21505, ...) -> -1
GROWING INODE FROM 0 to 3
GROWING INODE START FROM PAGE 0 to PAGE 1
+ alloc_page() -> 115
FPN = 0
write(/numbers/42.num, 3 bytes, @+0) -> 3
NO MATCHING FROM GIVEN PATH
getattr(/numbers/43.num) -> (-2) {mode: 0000, size: 0}
+ alloc_page() -> 116
mknod(/numbers/43.num, 100664) -> 0
getattr(/numbers/43.num) -> (0) {mode: 100664, size: 0}
open(/numbers/43.num) -> 0
ioctl(/numbers/43.num, 21505, ...) -> -1
GROWING INODE FROM 0 to 3
GROWING INODE START FROM PAGE 0 to PAGE 1
+ alloc_page() -> 117
FPN = 0
write(/numbers/43.num, 3 bytes, @+0) -> 3
NO MATCHING FROM GIVEN PATH
getattr(/numbers/44.num) -> (-2) {mode: 0000, size: 0}
+ alloc_page() -> 118
mknod(/numbers/44.num, 100664) -> 0
getattr(/numbers/44.num) -> (0) {mode: 100664, size: 0}
open(/numbers/44.num) -> 0
ioctl(/numbers/44.num, 21505, ...) -> -1
GROWING INODE FROM 0 to 3
GROWING INODE START FROM PAGE 0 to PAGE 1
+ alloc_page() -> 119
FPN = 0
write(/numbers/44.num, 3 bytes, @+0) -> 3
NO MATCHING FROM GIVEN PATH
getattr(/numbers/45.num) -> (-2) {mode: 0000, size: 0}
+ alloc_page() -> 120
mknod(/numbers/45.num, 100664) -> 0
getattr(/numbers/45.num) -> (0) {mode: 100664, size: 0}
open(/numbers/45.num) -> 0
ioctl(/numbers/45.num, 21505, ...) -> -1
GROWING INODE FROM 0 to 3
GROWING INODE START FROM PAGE 0 to PAGE 1
+ alloc_page() -> 121
FPN = 0
write(/numbers/45.num, 3 bytes, @+0) -> 3
NO MATCHING FROM GIVEN PATH
getattr(/numbers/46.num) -> (-2) {mode: 0000, size: 0}
+ alloc_page() -> 122
mknod(/numbers/46.num, 100664) -> 0
getattr(/numbers/46.num) -> (0) {mode: 100664, size: 0}
open(/numbers/46.num) -> 0
ioctl(/numbers/46.num, 21505, ...) -> -1
GROWING INODE FROM 0 to 3
GROWING INODE START FROM PAGE 0 to PAGE 1
+ alloc_page() -> 123
FPN = 0
write(/numbers/46.num, 3 bytes, @+0) -> 3
NO MATCHING FROM GIVEN PATH
getattr(/numbers/47.num) -> (-2) {mode: 0000, size: 0}
+ alloc_page() -> 124
mknod(/numbers/47.num, 100664) -> 0
getattr(/numbers/47.num) -> (0) {mode: 100664, size: 0}
open(/numbers/47.num) -> 0
ioctl(/numbers/47.num, 21505, ...) -> -1
GROWING INODE FROM 0 to 3
GROWING INODE START FROM PAGE 0 to PAGE 1
+ alloc_page() -> 125
FPN = 0
write(/numbers/47.num, 3 bytes, @+0) -> 3
NO MATCHING FROM GIVEN PATH
getattr(/numbers/48.num) -> (-2) {mode: 0000, size: 0}
+ alloc_page() -> 126
mknod(/numbers/48.num, 100664) -> 0
getattr(/numbers/48.num) -> (0) {mode: 100664, size: 0}
open(/numbers/48.num) -> 0
ioctl(/numbers/48.num, 21505, ...) -> -1
GROWING INODE FROM 0 to 3
GROWING INODE START FROM PAGE 0 to PAGE 1
+ alloc_page() -> 127
FPN = 0
write(/numbers/48.num, 3 bytes, @+0) -> 3
NO MATCHING FROM GIVEN PATH
getattr(/numbers/49.num) -> (-2) {mode: 0000, size: 0}
+ alloc_page() -> 128
mknod(/numbers/49.num, 100664) -> 0
getattr(/numbers/49.num) -> (0) {mode: 100664, size: 0}
open(/numbers/49.num) -> 0
ioctl(/numbers/49.num, 21505, ...) -> -1
GROWING INODE FROM 0 to 3
GROWING INODE START FROM PAGE 0 to PAGE 1
+ alloc_page() -> 129
FPN = 0
write(/numbers/49.num, 3 bytes, @+0) -> 3
NO MATCHING FROM GIVEN PATH
getattr(/numbers/50.num) -> (-2) {mode: 0000, size: 0}
+ alloc_page() -> 130
mknod(/numbers/50.num, 100664) -> 0
getattr(/numbers/50.num) -> (0) {mode: 100664, size: 0}
open(/numbers/50.num) -> 0
ioctl(/numbers/50.num, 21505, ...) -> -1
GROWING INODE FROM 0 to 3
GROWING INODE START FROM PAGE 0 to PAGE 1
+ alloc_page() -> 131
FPN = 0
write(/numbers/50.num, 3 bytes, @+0) -> 3
getattr(/numbers) -> (0) {mode: 40775, size: 0}
getaddir(/numbers) -> (0)
open(/numbers/10.num) -> 0
ioctl(/numbers/10.num, 21505, ...) -> -1
getattr(/numbers/10.num) -> (0) {mode: 100664, size: 3}
FPN = 0
read(/numbers/10.num, 4096 bytes, @+0) -> 4096
getattr(/numbers/10.num) -> (0) {mode: 100664, size: 3}
open(/numbers/20.num) -> 0
ioctl(/numbers/20.num, 21505, ...) -> -1
getattr(/numbers/20.num) -> (0) {mode: 100664, size: 3}
FPN = 0
read(/numbers/20.num, 4096 bytes, @+0) -> 4096
getattr(/numbers/20.num) -> (0) {mode: 100664, size: 3}
open(/numbers/30.num) -> 0
ioctl(/numbers/30.num, 21505, ...) -> -1
getattr(/numbers/30.num) -> (0) {mode: 100664, size: 3}
FPN = 0
read(/numbers/30.num, 4096 bytes, @+0) -> 4096
getattr(/numbers/30.num) -> (0) {mode: 100664, size: 3}
open(/numbers/40.num) -> 0
ioctl(/numbers/40.num, 21505, ...) -> -1
getattr(/numbers/40.num) -> (0) {mode: 100664, size: 3}
FPN = 0
read(/numbers/40.num, 4096 bytes, @+0) -> 4096
getattr(/numbers/40.num) -> (0) {mode: 100664, size: 3}
open(/numbers/50.num) -> 0
ioctl(/numbers/50.num, 21505, ...) -> -1
getattr(/numbers/50.num) -> (0) {mode: 100664, size: 3}
FPN = 0
make[1]: Entering directory '/home/daniel/Desktop/Fuse'
fusermount -u mnt || true
read(/numbers/50.num, 4096 bytes, @+0) -> 4096
getattr(/numbers/50.num) -> (0) {mode: 100664, size: 3}
getattr(/numbers/7.num) -> (0) {mode: 100664, size: 2}
access(/numbers/7.num, 0002) -> 0
+ free_page(45)
unlink(/numbers/7.num) -> 0
getattr(/numbers/14.num) -> (0) {mode: 100664, size: 3}
access(/numbers/14.num, 0002) -> 0
+ free_page(59)
unlink(/numbers/14.num) -> 0
getattr(/numbers/21.num) -> (0) {mode: 100664, size: 3}
access(/numbers/21.num, 0002) -> 0
+ free_page(73)
unlink(/numbers/21.num) -> 0
getattr(/numbers/28.num) -> (0) {mode: 100664, size: 3}
access(/numbers/28.num, 0002) -> 0
+ free_page(87)
unlink(/numbers/28.num) -> 0
make[1]: Leaving directory '/home/daniel/Desktop/Fuse'
make[1]: Leaving directory '/home/daniel/Desktop/Fuse'
make[1]: Entering directory '/home/daniel/Desktop/Fuse'
mkdir -p mnt || true
./nufs -s -f mnt data.nufs
make[1]: Entering directory '/home/daniel/Desktop/Fuse'
fusermount -u mnt || true
Initialize Storage: data.nufs
+ alloc_page() -> 132
root mode 16877 
access(/, 0004) -> 0
NO MATCHING FROM GIVEN PATH
getattr(/.Trash) -> (-2) {mode: 0000, size: 0}
NO MATCHING FROM GIVEN PATH
getattr(/.Trash-1000) -> (-2) {mode: 0000, size: 0}
NO MATCHING FROM GIVEN PATH
getattr(/.xdg-volume-info) -> (-2) {mode: 0000, size: 0}
NO MATCHING FROM GIVEN PATH
getattr(/autorun.inf) -> (-2) {mode: 0000, size: 0}
getattr(/) -> (0) {mode: 40755, size: 0}
getaddir(/) -> (0)
getattr(/) -> (0) {mode: 40755, size: 0}
getaddir(/) -> (0)
getattr(/) -> (0) {mode: 40755, size: 0}
getaddir(/) -> (0)
getattr(/) -> (0) {mode: 40755, size: 0}
getaddir(/) -> (0)
getattr(/) -> (0) {mode: 40755, size: 0}
getaddir(/) -> (0)
getattr(/) -> (0) {mode: 40755, size: 0}
getaddir(/) -> (0)
getattr(/) -> (0) {mode: 40755, size: 0}
getaddir(/) -> (0)
getattr(/) -> (0) {mode: 40755, size: 0}
getaddir(/) -> (0)
getattr(/) -> (0) {mode: 40755, size: 0}
getaddir(/) -> (0)
getattr(/) -> (0) {mode: 40755, size: 0}
getaddir(/) -> (0)
getattr(/) -> (0) {mode: 40755, size: 0}
getaddir(/) -> (0)
getattr(/) -> (0) {mode: 40755, size: 0}
getaddir(/) -> (0)
getattr(/) -> (0) {mode: 40755, size: 0}
getaddir(/) -> (0)
getattr(/) -> (0) {mode: 40755, size: 0}
getaddir(/) -> (0)
getattr(/) -> (0) {mode: 40755, size: 0}
getaddir(/) -> (0)
getattr(/) -> (0) {mode: 40755, size: 0}
getaddir(/) -> (0)
getattr(/) -> (0) {mode: 40755, size: 0}
getaddir(/) -> (0)
getattr(/) -> (0) {mode: 40755, size: 0}
getaddir(/) -> (0)
getattr(/) -> (0) {mode: 40755, size: 0}
getaddir(/) -> (0)
getattr(/) -> (0) {mode: 40755, size: 0}
getaddir(/) -> (0)
getattr(/) -> (0) {mode: 40755, size: 0}
getaddir(/) -> (0)
getattr(/) -> (0) {mode: 40755, size: 0}
getaddir(/) -> (0)
getattr(/) -> (0) {mode: 40755, size: 0}
getaddir(/) -> (0)
NO MATCHING FROM GIVEN PATH
getattr(/autorun.inf) -> (-2) {mode: 0000, size: 0}
getattr(/numbers) -> (0) {mode: 40775, size: 0}
getaddir(/numbers) -> (0)
make[1]: Leaving directory '/home/daniel/Desktop/Fuse'
make[1]: Leaving directory '/home/daniel/Desktop/Fuse'
